============================= test session starts ==============================
platform linux -- Python 3.11.10, pytest-8.3.4, pluggy-1.5.0
rootdir: /home/runner/treeinterval
configfile: pyproject.toml
collected 30 items

tests/test_ast_nodes.py .....F                                           [ 20%]
tests/test_rich_printer.py ....                                          [ 33%]
tests/test_styling.py ......                                             [ 53%]
tests/test_tree_core.py ..............                                   [100%]

=================================== FAILURES ===================================
____________________________ test_statement_markers ____________________________

    def test_statement_markers():
        """Test Statement marker customization"""
        part = PartStatement(before="print(", after=")")
        stmt = Statement(top=part, before="a.b.", self="d", after=".e")
    
        # Test default markers
>       assert stmt.text == "print(a.b.d.e)\n^^^^^^~~~~*~~"
E       AssertionError: assert 'print(a.b.d....^^^^^~~~~*~~^' == 'print(a.b.d....^^^^^^~~~~*~~'
E         
E           print(a.b.d.e)
E         - ^^^^^^~~~~*~~
E         + ^^^^^^~~~~*~~^
E         ?              +

tests/test_ast_nodes.py:97: AssertionError
=========================== short test summary info ============================
FAILED tests/test_ast_nodes.py::test_statement_markers - AssertionError: asse...
========================= 1 failed, 29 passed in 0.27s =========================
